[0.454s] Invoking command in '/home/cofallen/Code/ros2/cp4_service/cp4_ws/src/demo_python_service': PYTHONPATH=/home/cofallen/Code/ros2/cp4_service/cp4_ws/build/demo_python_service/prefix_override:/home/cofallen/.local/lib/python3.10/site-packages/colcon_core/task/python/colcon_distutils_commands:/home/cofallen/Code/ros2/cp4_service/cp4_ws/install/demo_python_service/lib/python3.10/site-packages:${PYTHONPATH} /usr/bin/python3 -W ignore:setup.py install is deprecated -W ignore:easy_install command is deprecated setup.py egg_info --egg-base ../../build/demo_python_service build --build-base /home/cofallen/Code/ros2/cp4_service/cp4_ws/build/demo_python_service/build install --record /home/cofallen/Code/ros2/cp4_service/cp4_ws/build/demo_python_service/install.log --single-version-externally-managed install_data
[0.619s] running egg_info
[0.619s] writing ../../build/demo_python_service/demo_python_service.egg-info/PKG-INFO
[0.619s] writing dependency_links to ../../build/demo_python_service/demo_python_service.egg-info/dependency_links.txt
[0.619s] writing entry points to ../../build/demo_python_service/demo_python_service.egg-info/entry_points.txt
[0.620s] writing requirements to ../../build/demo_python_service/demo_python_service.egg-info/requires.txt
[0.620s] writing top-level names to ../../build/demo_python_service/demo_python_service.egg-info/top_level.txt
[0.621s] reading manifest file '../../build/demo_python_service/demo_python_service.egg-info/SOURCES.txt'
[0.621s] adding license file 'LICENSE'
[0.621s] writing manifest file '../../build/demo_python_service/demo_python_service.egg-info/SOURCES.txt'
[0.622s] running build
[0.622s] running build_py
[0.622s] copying demo_python_service/face_detect_node.py -> /home/cofallen/Code/ros2/cp4_service/cp4_ws/build/demo_python_service/build/lib/demo_python_service
[0.622s] running install
[0.622s] running install_lib
[0.623s] copying /home/cofallen/Code/ros2/cp4_service/cp4_ws/build/demo_python_service/build/lib/demo_python_service/face_detect_node.py -> /home/cofallen/Code/ros2/cp4_service/cp4_ws/install/demo_python_service/lib/python3.10/site-packages/demo_python_service
[0.623s] byte-compiling /home/cofallen/Code/ros2/cp4_service/cp4_ws/install/demo_python_service/lib/python3.10/site-packages/demo_python_service/face_detect_node.py to face_detect_node.cpython-310.pyc
[0.624s] running install_data
[0.624s] running install_egg_info
[0.625s] removing '/home/cofallen/Code/ros2/cp4_service/cp4_ws/install/demo_python_service/lib/python3.10/site-packages/demo_python_service-0.0.0-py3.10.egg-info' (and everything under it)
[0.625s] Copying ../../build/demo_python_service/demo_python_service.egg-info to /home/cofallen/Code/ros2/cp4_service/cp4_ws/install/demo_python_service/lib/python3.10/site-packages/demo_python_service-0.0.0-py3.10.egg-info
[0.626s] running install_scripts
[0.640s] Installing face_detect_node script to /home/cofallen/Code/ros2/cp4_service/cp4_ws/install/demo_python_service/lib/demo_python_service
[0.640s] Installing learn_face_detect script to /home/cofallen/Code/ros2/cp4_service/cp4_ws/install/demo_python_service/lib/demo_python_service
[0.641s] writing list of installed files to '/home/cofallen/Code/ros2/cp4_service/cp4_ws/build/demo_python_service/install.log'
[0.660s] Invoked command in '/home/cofallen/Code/ros2/cp4_service/cp4_ws/src/demo_python_service' returned '0': PYTHONPATH=/home/cofallen/Code/ros2/cp4_service/cp4_ws/build/demo_python_service/prefix_override:/home/cofallen/.local/lib/python3.10/site-packages/colcon_core/task/python/colcon_distutils_commands:/home/cofallen/Code/ros2/cp4_service/cp4_ws/install/demo_python_service/lib/python3.10/site-packages:${PYTHONPATH} /usr/bin/python3 -W ignore:setup.py install is deprecated -W ignore:easy_install command is deprecated setup.py egg_info --egg-base ../../build/demo_python_service build --build-base /home/cofallen/Code/ros2/cp4_service/cp4_ws/build/demo_python_service/build install --record /home/cofallen/Code/ros2/cp4_service/cp4_ws/build/demo_python_service/install.log --single-version-externally-managed install_data
