[0.011s] Invoking command in '/home/cofallen/Code/ros2/cp4_service/cp4_ws/build/chap4_interface': CMAKE_PREFIX_PATH=${CMAKE_PREFIX_PATH}:/home/cofallen/Code/ros2/cp4_service/cp4_ws/install/demo_python_service:/opt/ros/humble /usr/bin/cmake --build /home/cofallen/Code/ros2/cp4_service/cp4_ws/build/chap4_interface -- -j12 -l12
[0.056s] [  6%] Built target chap4_interface__cpp
[0.057s] [ 12%] Built target chap4_interface__rosidl_generator_c
[0.065s] [ 12%] Built target ament_cmake_python_copy_chap4_interface
[0.075s] [ 22%] Built target chap4_interface__rosidl_typesupport_c
[0.075s] [ 32%] Built target chap4_interface__rosidl_typesupport_introspection_c
[0.075s] [ 41%] Built target chap4_interface__rosidl_typesupport_fastrtps_c
[0.076s] [ 51%] Built target chap4_interface__rosidl_typesupport_fastrtps_cpp
[0.077s] [ 70%] Built target chap4_interface__rosidl_typesupport_introspection_cpp
[0.077s] [ 70%] Built target chap4_interface__rosidl_typesupport_cpp
[0.096s] [ 70%] Built target chap4_interface
[0.116s] [ 74%] Built target chap4_interface__py
[0.138s] [ 80%] Built target chap4_interface__rosidl_generator_py
[0.156s] [ 87%] Built target chap4_interface__rosidl_typesupport_introspection_c__pyext
[0.157s] [ 93%] Built target chap4_interface__rosidl_typesupport_fastrtps_c__pyext
[0.157s] [100%] Built target chap4_interface__rosidl_typesupport_c__pyext
[0.234s] running egg_info
[0.235s] writing chap4_interface.egg-info/PKG-INFO
[0.235s] writing dependency_links to chap4_interface.egg-info/dependency_links.txt
[0.235s] writing top-level names to chap4_interface.egg-info/top_level.txt
[0.237s] reading manifest file 'chap4_interface.egg-info/SOURCES.txt'
[0.237s] writing manifest file 'chap4_interface.egg-info/SOURCES.txt'
[0.257s] [100%] Built target ament_cmake_python_build_chap4_interface_egg
[0.267s] Invoked command in '/home/cofallen/Code/ros2/cp4_service/cp4_ws/build/chap4_interface' returned '0': CMAKE_PREFIX_PATH=${CMAKE_PREFIX_PATH}:/home/cofallen/Code/ros2/cp4_service/cp4_ws/install/demo_python_service:/opt/ros/humble /usr/bin/cmake --build /home/cofallen/Code/ros2/cp4_service/cp4_ws/build/chap4_interface -- -j12 -l12
[0.277s] Invoking command in '/home/cofallen/Code/ros2/cp4_service/cp4_ws/build/chap4_interface': CMAKE_PREFIX_PATH=${CMAKE_PREFIX_PATH}:/home/cofallen/Code/ros2/cp4_service/cp4_ws/install/demo_python_service:/opt/ros/humble /usr/bin/cmake --install /home/cofallen/Code/ros2/cp4_service/cp4_ws/build/chap4_interface
[0.284s] -- Install configuration: ""
[0.285s] -- Up-to-date: /home/cofallen/Code/ros2/cp4_service/cp4_ws/install/chap4_interface/share/ament_index/resource_index/rosidl_interfaces/chap4_interface
[0.285s] -- Up-to-date: /home/cofallen/Code/ros2/cp4_service/cp4_ws/install/chap4_interface/include/chap4_interface/chap4_interface
[0.285s] -- Up-to-date: /home/cofallen/Code/ros2/cp4_service/cp4_ws/install/chap4_interface/include/chap4_interface/chap4_interface/srv
[0.285s] -- Up-to-date: /home/cofallen/Code/ros2/cp4_service/cp4_ws/install/chap4_interface/include/chap4_interface/chap4_interface/srv/face_detector.h
[0.285s] -- Up-to-date: /home/cofallen/Code/ros2/cp4_service/cp4_ws/install/chap4_interface/include/chap4_interface/chap4_interface/srv/detail
[0.285s] -- Up-to-date: /home/cofallen/Code/ros2/cp4_service/cp4_ws/install/chap4_interface/include/chap4_interface/chap4_interface/srv/detail/face_detector__struct.h
[0.285s] -- Up-to-date: /home/cofallen/Code/ros2/cp4_service/cp4_ws/install/chap4_interface/include/chap4_interface/chap4_interface/srv/detail/face_detector__type_support.h
[0.286s] -- Up-to-date: /home/cofallen/Code/ros2/cp4_service/cp4_ws/install/chap4_interface/include/chap4_interface/chap4_interface/srv/detail/face_detector__functions.c
[0.286s] -- Up-to-date: /home/cofallen/Code/ros2/cp4_service/cp4_ws/install/chap4_interface/include/chap4_interface/chap4_interface/srv/detail/face_detector__functions.h
[0.286s] -- Up-to-date: /home/cofallen/Code/ros2/cp4_service/cp4_ws/install/chap4_interface/include/chap4_interface/chap4_interface/msg
[0.286s] -- Up-to-date: /home/cofallen/Code/ros2/cp4_service/cp4_ws/install/chap4_interface/include/chap4_interface/chap4_interface/msg/rosidl_generator_c__visibility_control.h
[0.286s] -- Up-to-date: /home/cofallen/Code/ros2/cp4_service/cp4_ws/install/chap4_interface/share/chap4_interface/environment/library_path.sh
[0.286s] -- Up-to-date: /home/cofallen/Code/ros2/cp4_service/cp4_ws/install/chap4_interface/share/chap4_interface/environment/library_path.dsv
[0.286s] -- Up-to-date: /home/cofallen/Code/ros2/cp4_service/cp4_ws/install/chap4_interface/lib/libchap4_interface__rosidl_generator_c.so
[0.286s] -- Up-to-date: /home/cofallen/Code/ros2/cp4_service/cp4_ws/install/chap4_interface/include/chap4_interface/chap4_interface
[0.286s] -- Up-to-date: /home/cofallen/Code/ros2/cp4_service/cp4_ws/install/chap4_interface/include/chap4_interface/chap4_interface/srv
[0.286s] -- Up-to-date: /home/cofallen/Code/ros2/cp4_service/cp4_ws/install/chap4_interface/include/chap4_interface/chap4_interface/srv/detail
[0.286s] -- Up-to-date: /home/cofallen/Code/ros2/cp4_service/cp4_ws/install/chap4_interface/include/chap4_interface/chap4_interface/srv/detail/face_detector__rosidl_typesupport_fastrtps_c.h
[0.286s] -- Up-to-date: /home/cofallen/Code/ros2/cp4_service/cp4_ws/install/chap4_interface/include/chap4_interface/chap4_interface/msg
[0.287s] -- Up-to-date: /home/cofallen/Code/ros2/cp4_service/cp4_ws/install/chap4_interface/include/chap4_interface/chap4_interface/msg/rosidl_typesupport_fastrtps_c__visibility_control.h
[0.287s] -- Up-to-date: /home/cofallen/Code/ros2/cp4_service/cp4_ws/install/chap4_interface/lib/libchap4_interface__rosidl_typesupport_fastrtps_c.so
[0.287s] -- Up-to-date: /home/cofallen/Code/ros2/cp4_service/cp4_ws/install/chap4_interface/include/chap4_interface/chap4_interface
[0.287s] -- Up-to-date: /home/cofallen/Code/ros2/cp4_service/cp4_ws/install/chap4_interface/include/chap4_interface/chap4_interface/srv
[0.287s] -- Up-to-date: /home/cofallen/Code/ros2/cp4_service/cp4_ws/install/chap4_interface/include/chap4_interface/chap4_interface/srv/face_detector.hpp
[0.287s] -- Up-to-date: /home/cofallen/Code/ros2/cp4_service/cp4_ws/install/chap4_interface/include/chap4_interface/chap4_interface/srv/detail
[0.287s] -- Up-to-date: /home/cofallen/Code/ros2/cp4_service/cp4_ws/install/chap4_interface/include/chap4_interface/chap4_interface/srv/detail/face_detector__builder.hpp
[0.287s] -- Up-to-date: /home/cofallen/Code/ros2/cp4_service/cp4_ws/install/chap4_interface/include/chap4_interface/chap4_interface/srv/detail/face_detector__traits.hpp
[0.287s] -- Up-to-date: /home/cofallen/Code/ros2/cp4_service/cp4_ws/install/chap4_interface/include/chap4_interface/chap4_interface/srv/detail/face_detector__type_support.hpp
[0.287s] -- Up-to-date: /home/cofallen/Code/ros2/cp4_service/cp4_ws/install/chap4_interface/include/chap4_interface/chap4_interface/srv/detail/face_detector__struct.hpp
[0.287s] -- Up-to-date: /home/cofallen/Code/ros2/cp4_service/cp4_ws/install/chap4_interface/include/chap4_interface/chap4_interface/msg
[0.287s] -- Up-to-date: /home/cofallen/Code/ros2/cp4_service/cp4_ws/install/chap4_interface/include/chap4_interface/chap4_interface/msg/rosidl_generator_cpp__visibility_control.hpp
[0.287s] -- Up-to-date: /home/cofallen/Code/ros2/cp4_service/cp4_ws/install/chap4_interface/include/chap4_interface/chap4_interface
[0.287s] -- Up-to-date: /home/cofallen/Code/ros2/cp4_service/cp4_ws/install/chap4_interface/include/chap4_interface/chap4_interface/srv
[0.287s] -- Up-to-date: /home/cofallen/Code/ros2/cp4_service/cp4_ws/install/chap4_interface/include/chap4_interface/chap4_interface/srv/detail
[0.287s] -- Up-to-date: /home/cofallen/Code/ros2/cp4_service/cp4_ws/install/chap4_interface/include/chap4_interface/chap4_interface/srv/detail/face_detector__rosidl_typesupport_fastrtps_cpp.hpp
[0.287s] -- Up-to-date: /home/cofallen/Code/ros2/cp4_service/cp4_ws/install/chap4_interface/include/chap4_interface/chap4_interface/srv/detail/dds_fastrtps
[0.287s] -- Up-to-date: /home/cofallen/Code/ros2/cp4_service/cp4_ws/install/chap4_interface/include/chap4_interface/chap4_interface/msg
[0.287s] -- Up-to-date: /home/cofallen/Code/ros2/cp4_service/cp4_ws/install/chap4_interface/include/chap4_interface/chap4_interface/msg/rosidl_typesupport_fastrtps_cpp__visibility_control.h
[0.287s] -- Up-to-date: /home/cofallen/Code/ros2/cp4_service/cp4_ws/install/chap4_interface/lib/libchap4_interface__rosidl_typesupport_fastrtps_cpp.so
[0.288s] -- Up-to-date: /home/cofallen/Code/ros2/cp4_service/cp4_ws/install/chap4_interface/include/chap4_interface/chap4_interface
[0.288s] -- Up-to-date: /home/cofallen/Code/ros2/cp4_service/cp4_ws/install/chap4_interface/include/chap4_interface/chap4_interface/srv
[0.288s] -- Up-to-date: /home/cofallen/Code/ros2/cp4_service/cp4_ws/install/chap4_interface/include/chap4_interface/chap4_interface/srv/detail
[0.288s] -- Up-to-date: /home/cofallen/Code/ros2/cp4_service/cp4_ws/install/chap4_interface/include/chap4_interface/chap4_interface/srv/detail/face_detector__rosidl_typesupport_introspection_c.h
[0.288s] -- Up-to-date: /home/cofallen/Code/ros2/cp4_service/cp4_ws/install/chap4_interface/include/chap4_interface/chap4_interface/srv/detail/face_detector__type_support.c
[0.288s] -- Up-to-date: /home/cofallen/Code/ros2/cp4_service/cp4_ws/install/chap4_interface/include/chap4_interface/chap4_interface/msg
[0.288s] -- Up-to-date: /home/cofallen/Code/ros2/cp4_service/cp4_ws/install/chap4_interface/include/chap4_interface/chap4_interface/msg/rosidl_typesupport_introspection_c__visibility_control.h
[0.288s] -- Up-to-date: /home/cofallen/Code/ros2/cp4_service/cp4_ws/install/chap4_interface/lib/libchap4_interface__rosidl_typesupport_introspection_c.so
[0.288s] -- Up-to-date: /home/cofallen/Code/ros2/cp4_service/cp4_ws/install/chap4_interface/lib/libchap4_interface__rosidl_typesupport_c.so
[0.288s] -- Up-to-date: /home/cofallen/Code/ros2/cp4_service/cp4_ws/install/chap4_interface/include/chap4_interface/chap4_interface
[0.288s] -- Up-to-date: /home/cofallen/Code/ros2/cp4_service/cp4_ws/install/chap4_interface/include/chap4_interface/chap4_interface/srv
[0.288s] -- Up-to-date: /home/cofallen/Code/ros2/cp4_service/cp4_ws/install/chap4_interface/include/chap4_interface/chap4_interface/srv/detail
[0.288s] -- Up-to-date: /home/cofallen/Code/ros2/cp4_service/cp4_ws/install/chap4_interface/include/chap4_interface/chap4_interface/srv/detail/face_detector__rosidl_typesupport_introspection_cpp.hpp
[0.288s] -- Up-to-date: /home/cofallen/Code/ros2/cp4_service/cp4_ws/install/chap4_interface/include/chap4_interface/chap4_interface/srv/detail/face_detector__type_support.cpp
[0.288s] -- Up-to-date: /home/cofallen/Code/ros2/cp4_service/cp4_ws/install/chap4_interface/lib/libchap4_interface__rosidl_typesupport_introspection_cpp.so
[0.288s] -- Up-to-date: /home/cofallen/Code/ros2/cp4_service/cp4_ws/install/chap4_interface/lib/libchap4_interface__rosidl_typesupport_cpp.so
[0.288s] -- Up-to-date: /home/cofallen/Code/ros2/cp4_service/cp4_ws/install/chap4_interface/share/chap4_interface/environment/pythonpath.sh
[0.288s] -- Up-to-date: /home/cofallen/Code/ros2/cp4_service/cp4_ws/install/chap4_interface/share/chap4_interface/environment/pythonpath.dsv
[0.288s] -- Up-to-date: /home/cofallen/Code/ros2/cp4_service/cp4_ws/install/chap4_interface/local/lib/python3.10/dist-packages/chap4_interface-0.0.0-py3.10.egg-info
[0.288s] -- Installing: /home/cofallen/Code/ros2/cp4_service/cp4_ws/install/chap4_interface/local/lib/python3.10/dist-packages/chap4_interface-0.0.0-py3.10.egg-info/SOURCES.txt
[0.288s] -- Installing: /home/cofallen/Code/ros2/cp4_service/cp4_ws/install/chap4_interface/local/lib/python3.10/dist-packages/chap4_interface-0.0.0-py3.10.egg-info/PKG-INFO
[0.289s] -- Installing: /home/cofallen/Code/ros2/cp4_service/cp4_ws/install/chap4_interface/local/lib/python3.10/dist-packages/chap4_interface-0.0.0-py3.10.egg-info/top_level.txt
[0.289s] -- Installing: /home/cofallen/Code/ros2/cp4_service/cp4_ws/install/chap4_interface/local/lib/python3.10/dist-packages/chap4_interface-0.0.0-py3.10.egg-info/dependency_links.txt
[0.289s] -- Up-to-date: /home/cofallen/Code/ros2/cp4_service/cp4_ws/install/chap4_interface/local/lib/python3.10/dist-packages/chap4_interface
[0.289s] -- Up-to-date: /home/cofallen/Code/ros2/cp4_service/cp4_ws/install/chap4_interface/local/lib/python3.10/dist-packages/chap4_interface/chap4_interface_s__rosidl_typesupport_fastrtps_c.cpython-310-x86_64-linux-gnu.so
[0.289s] -- Up-to-date: /home/cofallen/Code/ros2/cp4_service/cp4_ws/install/chap4_interface/local/lib/python3.10/dist-packages/chap4_interface/_chap4_interface_s.ep.rosidl_typesupport_c.c
[0.289s] -- Up-to-date: /home/cofallen/Code/ros2/cp4_service/cp4_ws/install/chap4_interface/local/lib/python3.10/dist-packages/chap4_interface/_chap4_interface_s.ep.rosidl_typesupport_fastrtps_c.c
[0.289s] -- Up-to-date: /home/cofallen/Code/ros2/cp4_service/cp4_ws/install/chap4_interface/local/lib/python3.10/dist-packages/chap4_interface/srv
[0.289s] -- Up-to-date: /home/cofallen/Code/ros2/cp4_service/cp4_ws/install/chap4_interface/local/lib/python3.10/dist-packages/chap4_interface/srv/_face_detector_s.c
[0.289s] -- Up-to-date: /home/cofallen/Code/ros2/cp4_service/cp4_ws/install/chap4_interface/local/lib/python3.10/dist-packages/chap4_interface/srv/_face_detector.py
[0.289s] -- Up-to-date: /home/cofallen/Code/ros2/cp4_service/cp4_ws/install/chap4_interface/local/lib/python3.10/dist-packages/chap4_interface/srv/__init__.py
[0.289s] -- Up-to-date: /home/cofallen/Code/ros2/cp4_service/cp4_ws/install/chap4_interface/local/lib/python3.10/dist-packages/chap4_interface/_chap4_interface_s.ep.rosidl_typesupport_introspection_c.c
[0.289s] -- Up-to-date: /home/cofallen/Code/ros2/cp4_service/cp4_ws/install/chap4_interface/local/lib/python3.10/dist-packages/chap4_interface/chap4_interface_s__rosidl_typesupport_introspection_c.cpython-310-x86_64-linux-gnu.so
[0.289s] -- Up-to-date: /home/cofallen/Code/ros2/cp4_service/cp4_ws/install/chap4_interface/local/lib/python3.10/dist-packages/chap4_interface/libchap4_interface__rosidl_generator_py.so
[0.289s] -- Up-to-date: /home/cofallen/Code/ros2/cp4_service/cp4_ws/install/chap4_interface/local/lib/python3.10/dist-packages/chap4_interface/__init__.py
[0.289s] -- Up-to-date: /home/cofallen/Code/ros2/cp4_service/cp4_ws/install/chap4_interface/local/lib/python3.10/dist-packages/chap4_interface/chap4_interface_s__rosidl_typesupport_c.cpython-310-x86_64-linux-gnu.so
[0.313s] Listing '/home/cofallen/Code/ros2/cp4_service/cp4_ws/install/chap4_interface/local/lib/python3.10/dist-packages/chap4_interface'...
[0.313s] Listing '/home/cofallen/Code/ros2/cp4_service/cp4_ws/install/chap4_interface/local/lib/python3.10/dist-packages/chap4_interface/srv'...
[0.316s] -- Up-to-date: /home/cofallen/Code/ros2/cp4_service/cp4_ws/install/chap4_interface/local/lib/python3.10/dist-packages/chap4_interface/chap4_interface_s__rosidl_typesupport_fastrtps_c.cpython-310-x86_64-linux-gnu.so
[0.316s] -- Up-to-date: /home/cofallen/Code/ros2/cp4_service/cp4_ws/install/chap4_interface/local/lib/python3.10/dist-packages/chap4_interface/chap4_interface_s__rosidl_typesupport_introspection_c.cpython-310-x86_64-linux-gnu.so
[0.317s] -- Up-to-date: /home/cofallen/Code/ros2/cp4_service/cp4_ws/install/chap4_interface/local/lib/python3.10/dist-packages/chap4_interface/chap4_interface_s__rosidl_typesupport_c.cpython-310-x86_64-linux-gnu.so
[0.317s] -- Up-to-date: /home/cofallen/Code/ros2/cp4_service/cp4_ws/install/chap4_interface/lib/libchap4_interface__rosidl_generator_py.so
[0.317s] -- Up-to-date: /home/cofallen/Code/ros2/cp4_service/cp4_ws/install/chap4_interface/share/chap4_interface/srv/FaceDetector.idl
[0.317s] -- Up-to-date: /home/cofallen/Code/ros2/cp4_service/cp4_ws/install/chap4_interface/share/chap4_interface/srv/FaceDetector.srv
[0.317s] -- Up-to-date: /home/cofallen/Code/ros2/cp4_service/cp4_ws/install/chap4_interface/share/chap4_interface/srv/FaceDetector_Request.msg
[0.317s] -- Up-to-date: /home/cofallen/Code/ros2/cp4_service/cp4_ws/install/chap4_interface/share/chap4_interface/srv/FaceDetector_Response.msg
[0.317s] -- Up-to-date: /home/cofallen/Code/ros2/cp4_service/cp4_ws/install/chap4_interface/share/ament_index/resource_index/package_run_dependencies/chap4_interface
[0.317s] -- Up-to-date: /home/cofallen/Code/ros2/cp4_service/cp4_ws/install/chap4_interface/share/ament_index/resource_index/parent_prefix_path/chap4_interface
[0.317s] -- Up-to-date: /home/cofallen/Code/ros2/cp4_service/cp4_ws/install/chap4_interface/share/chap4_interface/environment/ament_prefix_path.sh
[0.317s] -- Up-to-date: /home/cofallen/Code/ros2/cp4_service/cp4_ws/install/chap4_interface/share/chap4_interface/environment/ament_prefix_path.dsv
[0.318s] -- Up-to-date: /home/cofallen/Code/ros2/cp4_service/cp4_ws/install/chap4_interface/share/chap4_interface/environment/path.sh
[0.318s] -- Up-to-date: /home/cofallen/Code/ros2/cp4_service/cp4_ws/install/chap4_interface/share/chap4_interface/environment/path.dsv
[0.318s] -- Up-to-date: /home/cofallen/Code/ros2/cp4_service/cp4_ws/install/chap4_interface/share/chap4_interface/local_setup.bash
[0.318s] -- Up-to-date: /home/cofallen/Code/ros2/cp4_service/cp4_ws/install/chap4_interface/share/chap4_interface/local_setup.sh
[0.318s] -- Up-to-date: /home/cofallen/Code/ros2/cp4_service/cp4_ws/install/chap4_interface/share/chap4_interface/local_setup.zsh
[0.318s] -- Up-to-date: /home/cofallen/Code/ros2/cp4_service/cp4_ws/install/chap4_interface/share/chap4_interface/local_setup.dsv
[0.318s] -- Installing: /home/cofallen/Code/ros2/cp4_service/cp4_ws/install/chap4_interface/share/chap4_interface/package.dsv
[0.318s] -- Up-to-date: /home/cofallen/Code/ros2/cp4_service/cp4_ws/install/chap4_interface/share/ament_index/resource_index/packages/chap4_interface
[0.318s] -- Up-to-date: /home/cofallen/Code/ros2/cp4_service/cp4_ws/install/chap4_interface/share/chap4_interface/cmake/export_chap4_interface__rosidl_generator_cExport.cmake
[0.318s] -- Up-to-date: /home/cofallen/Code/ros2/cp4_service/cp4_ws/install/chap4_interface/share/chap4_interface/cmake/export_chap4_interface__rosidl_generator_cExport-noconfig.cmake
[0.318s] -- Up-to-date: /home/cofallen/Code/ros2/cp4_service/cp4_ws/install/chap4_interface/share/chap4_interface/cmake/export_chap4_interface__rosidl_typesupport_fastrtps_cExport.cmake
[0.318s] -- Up-to-date: /home/cofallen/Code/ros2/cp4_service/cp4_ws/install/chap4_interface/share/chap4_interface/cmake/export_chap4_interface__rosidl_typesupport_fastrtps_cExport-noconfig.cmake
[0.318s] -- Up-to-date: /home/cofallen/Code/ros2/cp4_service/cp4_ws/install/chap4_interface/share/chap4_interface/cmake/export_chap4_interface__rosidl_generator_cppExport.cmake
[0.318s] -- Up-to-date: /home/cofallen/Code/ros2/cp4_service/cp4_ws/install/chap4_interface/share/chap4_interface/cmake/export_chap4_interface__rosidl_typesupport_fastrtps_cppExport.cmake
[0.318s] -- Up-to-date: /home/cofallen/Code/ros2/cp4_service/cp4_ws/install/chap4_interface/share/chap4_interface/cmake/export_chap4_interface__rosidl_typesupport_fastrtps_cppExport-noconfig.cmake
[0.318s] -- Up-to-date: /home/cofallen/Code/ros2/cp4_service/cp4_ws/install/chap4_interface/share/chap4_interface/cmake/chap4_interface__rosidl_typesupport_introspection_cExport.cmake
[0.318s] -- Up-to-date: /home/cofallen/Code/ros2/cp4_service/cp4_ws/install/chap4_interface/share/chap4_interface/cmake/chap4_interface__rosidl_typesupport_introspection_cExport-noconfig.cmake
[0.318s] -- Up-to-date: /home/cofallen/Code/ros2/cp4_service/cp4_ws/install/chap4_interface/share/chap4_interface/cmake/chap4_interface__rosidl_typesupport_cExport.cmake
[0.318s] -- Up-to-date: /home/cofallen/Code/ros2/cp4_service/cp4_ws/install/chap4_interface/share/chap4_interface/cmake/chap4_interface__rosidl_typesupport_cExport-noconfig.cmake
[0.318s] -- Up-to-date: /home/cofallen/Code/ros2/cp4_service/cp4_ws/install/chap4_interface/share/chap4_interface/cmake/chap4_interface__rosidl_typesupport_introspection_cppExport.cmake
[0.318s] -- Up-to-date: /home/cofallen/Code/ros2/cp4_service/cp4_ws/install/chap4_interface/share/chap4_interface/cmake/chap4_interface__rosidl_typesupport_introspection_cppExport-noconfig.cmake
[0.318s] -- Up-to-date: /home/cofallen/Code/ros2/cp4_service/cp4_ws/install/chap4_interface/share/chap4_interface/cmake/chap4_interface__rosidl_typesupport_cppExport.cmake
[0.319s] -- Up-to-date: /home/cofallen/Code/ros2/cp4_service/cp4_ws/install/chap4_interface/share/chap4_interface/cmake/chap4_interface__rosidl_typesupport_cppExport-noconfig.cmake
[0.319s] -- Up-to-date: /home/cofallen/Code/ros2/cp4_service/cp4_ws/install/chap4_interface/share/chap4_interface/cmake/export_chap4_interface__rosidl_generator_pyExport.cmake
[0.319s] -- Up-to-date: /home/cofallen/Code/ros2/cp4_service/cp4_ws/install/chap4_interface/share/chap4_interface/cmake/export_chap4_interface__rosidl_generator_pyExport-noconfig.cmake
[0.319s] -- Up-to-date: /home/cofallen/Code/ros2/cp4_service/cp4_ws/install/chap4_interface/share/chap4_interface/cmake/rosidl_cmake-extras.cmake
[0.319s] -- Up-to-date: /home/cofallen/Code/ros2/cp4_service/cp4_ws/install/chap4_interface/share/chap4_interface/cmake/ament_cmake_export_dependencies-extras.cmake
[0.319s] -- Up-to-date: /home/cofallen/Code/ros2/cp4_service/cp4_ws/install/chap4_interface/share/chap4_interface/cmake/ament_cmake_export_include_directories-extras.cmake
[0.319s] -- Up-to-date: /home/cofallen/Code/ros2/cp4_service/cp4_ws/install/chap4_interface/share/chap4_interface/cmake/ament_cmake_export_libraries-extras.cmake
[0.319s] -- Up-to-date: /home/cofallen/Code/ros2/cp4_service/cp4_ws/install/chap4_interface/share/chap4_interface/cmake/ament_cmake_export_targets-extras.cmake
[0.319s] -- Up-to-date: /home/cofallen/Code/ros2/cp4_service/cp4_ws/install/chap4_interface/share/chap4_interface/cmake/rosidl_cmake_export_typesupport_targets-extras.cmake
[0.319s] -- Up-to-date: /home/cofallen/Code/ros2/cp4_service/cp4_ws/install/chap4_interface/share/chap4_interface/cmake/rosidl_cmake_export_typesupport_libraries-extras.cmake
[0.319s] -- Up-to-date: /home/cofallen/Code/ros2/cp4_service/cp4_ws/install/chap4_interface/share/chap4_interface/cmake/chap4_interfaceConfig.cmake
[0.319s] -- Up-to-date: /home/cofallen/Code/ros2/cp4_service/cp4_ws/install/chap4_interface/share/chap4_interface/cmake/chap4_interfaceConfig-version.cmake
[0.319s] -- Up-to-date: /home/cofallen/Code/ros2/cp4_service/cp4_ws/install/chap4_interface/share/chap4_interface/package.xml
[0.321s] Invoked command in '/home/cofallen/Code/ros2/cp4_service/cp4_ws/build/chap4_interface' returned '0': CMAKE_PREFIX_PATH=${CMAKE_PREFIX_PATH}:/home/cofallen/Code/ros2/cp4_service/cp4_ws/install/demo_python_service:/opt/ros/humble /usr/bin/cmake --install /home/cofallen/Code/ros2/cp4_service/cp4_ws/build/chap4_interface
