[0.494s] Invoking command in '/home/cofallen/Code/ros2/cp4_service/cp4_ws/src/demo_python_service': AMENT_PREFIX_PATH=/home/cofallen/Code/ros2/cp4_service/cp4_ws/install/chap4_interface:${AMENT_PREFIX_PATH} CMAKE_PREFIX_PATH=/home/cofallen/Code/ros2/cp4_service/cp4_ws/install/chap4_interface LD_LIBRARY_PATH=/home/cofallen/Code/ros2/cp4_service/cp4_ws/install/chap4_interface/lib:${LD_LIBRARY_PATH} PYTHONPATH=/home/cofallen/Code/ros2/cp4_service/cp4_ws/build/demo_python_service/prefix_override:/home/cofallen/.local/lib/python3.10/site-packages/colcon_core/task/python/colcon_distutils_commands:/home/cofallen/Code/ros2/cp4_service/cp4_ws/install/demo_python_service/lib/python3.10/site-packages:/home/cofallen/Code/ros2/cp4_service/cp4_ws/install/chap4_interface/local/lib/python3.10/dist-packages:${PYTHONPATH} /usr/bin/python3 -W ignore:setup.py install is deprecated -W ignore:easy_install command is deprecated setup.py egg_info --egg-base ../../build/demo_python_service build --build-base /home/cofallen/Code/ros2/cp4_service/cp4_ws/build/demo_python_service/build install --record /home/cofallen/Code/ros2/cp4_service/cp4_ws/build/demo_python_service/install.log --single-version-externally-managed install_data
[0.667s] running egg_info
[0.667s] writing ../../build/demo_python_service/demo_python_service.egg-info/PKG-INFO
[0.667s] writing dependency_links to ../../build/demo_python_service/demo_python_service.egg-info/dependency_links.txt
[0.668s] writing entry points to ../../build/demo_python_service/demo_python_service.egg-info/entry_points.txt
[0.668s] writing requirements to ../../build/demo_python_service/demo_python_service.egg-info/requires.txt
[0.668s] writing top-level names to ../../build/demo_python_service/demo_python_service.egg-info/top_level.txt
[0.669s] reading manifest file '../../build/demo_python_service/demo_python_service.egg-info/SOURCES.txt'
[0.669s] adding license file 'LICENSE'
[0.670s] writing manifest file '../../build/demo_python_service/demo_python_service.egg-info/SOURCES.txt'
[0.670s] running build
[0.670s] running build_py
[0.670s] running install
[0.670s] running install_lib
[0.671s] running install_data
[0.671s] copying resource/test.jpeg -> /home/cofallen/Code/ros2/cp4_service/cp4_ws/install/demo_python_service/share/demo_python_service/resource
[0.671s] running install_egg_info
[0.673s] removing '/home/cofallen/Code/ros2/cp4_service/cp4_ws/install/demo_python_service/lib/python3.10/site-packages/demo_python_service-0.0.0-py3.10.egg-info' (and everything under it)
[0.673s] Copying ../../build/demo_python_service/demo_python_service.egg-info to /home/cofallen/Code/ros2/cp4_service/cp4_ws/install/demo_python_service/lib/python3.10/site-packages/demo_python_service-0.0.0-py3.10.egg-info
[0.674s] running install_scripts
[0.689s] Installing face_detect_node script to /home/cofallen/Code/ros2/cp4_service/cp4_ws/install/demo_python_service/lib/demo_python_service
[0.689s] Installing learn_face_detect script to /home/cofallen/Code/ros2/cp4_service/cp4_ws/install/demo_python_service/lib/demo_python_service
[0.689s] writing list of installed files to '/home/cofallen/Code/ros2/cp4_service/cp4_ws/build/demo_python_service/install.log'
[0.709s] Invoked command in '/home/cofallen/Code/ros2/cp4_service/cp4_ws/src/demo_python_service' returned '0': AMENT_PREFIX_PATH=/home/cofallen/Code/ros2/cp4_service/cp4_ws/install/chap4_interface:${AMENT_PREFIX_PATH} CMAKE_PREFIX_PATH=/home/cofallen/Code/ros2/cp4_service/cp4_ws/install/chap4_interface LD_LIBRARY_PATH=/home/cofallen/Code/ros2/cp4_service/cp4_ws/install/chap4_interface/lib:${LD_LIBRARY_PATH} PYTHONPATH=/home/cofallen/Code/ros2/cp4_service/cp4_ws/build/demo_python_service/prefix_override:/home/cofallen/.local/lib/python3.10/site-packages/colcon_core/task/python/colcon_distutils_commands:/home/cofallen/Code/ros2/cp4_service/cp4_ws/install/demo_python_service/lib/python3.10/site-packages:/home/cofallen/Code/ros2/cp4_service/cp4_ws/install/chap4_interface/local/lib/python3.10/dist-packages:${PYTHONPATH} /usr/bin/python3 -W ignore:setup.py install is deprecated -W ignore:easy_install command is deprecated setup.py egg_info --egg-base ../../build/demo_python_service build --build-base /home/cofallen/Code/ros2/cp4_service/cp4_ws/build/demo_python_service/build install --record /home/cofallen/Code/ros2/cp4_service/cp4_ws/build/demo_python_service/install.log --single-version-externally-managed install_data
