[0.456s] Invoking command in '/home/cofallen/Code/ros2/cp4_service/cp4_ws/src/demo_python_service': AMENT_PREFIX_PATH=/home/cofallen/Code/ros2/cp4_service/cp4_ws/install/chap4_interface:${AMENT_PREFIX_PATH} CMAKE_PREFIX_PATH=/home/cofallen/Code/ros2/cp4_service/cp4_ws/install/chap4_interface LD_LIBRARY_PATH=/home/cofallen/Code/ros2/cp4_service/cp4_ws/install/chap4_interface/lib:${LD_LIBRARY_PATH} PYTHONPATH=/home/cofallen/Code/ros2/cp4_service/cp4_ws/build/demo_python_service/prefix_override:/home/cofallen/.local/lib/python3.10/site-packages/colcon_core/task/python/colcon_distutils_commands:/home/cofallen/Code/ros2/cp4_service/cp4_ws/install/demo_python_service/lib/python3.10/site-packages:/home/cofallen/Code/ros2/cp4_service/cp4_ws/install/chap4_interface/local/lib/python3.10/dist-packages:${PYTHONPATH} /usr/bin/python3 -W ignore:setup.py install is deprecated -W ignore:easy_install command is deprecated setup.py egg_info --egg-base ../../build/demo_python_service build --build-base /home/cofallen/Code/ros2/cp4_service/cp4_ws/build/demo_python_service/build install --record /home/cofallen/Code/ros2/cp4_service/cp4_ws/build/demo_python_service/install.log --single-version-externally-managed install_data
[0.623s] running egg_info
[0.624s] writing ../../build/demo_python_service/demo_python_service.egg-info/PKG-INFO
[0.624s] writing dependency_links to ../../build/demo_python_service/demo_python_service.egg-info/dependency_links.txt
[0.624s] writing entry points to ../../build/demo_python_service/demo_python_service.egg-info/entry_points.txt
[0.624s] writing requirements to ../../build/demo_python_service/demo_python_service.egg-info/requires.txt
[0.624s] writing top-level names to ../../build/demo_python_service/demo_python_service.egg-info/top_level.txt
[0.625s] reading manifest file '../../build/demo_python_service/demo_python_service.egg-info/SOURCES.txt'
[0.626s] adding license file 'LICENSE'
[0.626s] writing manifest file '../../build/demo_python_service/demo_python_service.egg-info/SOURCES.txt'
[0.626s] running build
[0.626s] running build_py
[0.627s] copying demo_python_service/face_detect_client_node.py -> /home/cofallen/Code/ros2/cp4_service/cp4_ws/build/demo_python_service/build/lib/demo_python_service
[0.627s] running install
[0.627s] running install_lib
[0.627s] copying /home/cofallen/Code/ros2/cp4_service/cp4_ws/build/demo_python_service/build/lib/demo_python_service/face_detect_client_node.py -> /home/cofallen/Code/ros2/cp4_service/cp4_ws/install/demo_python_service/lib/python3.10/site-packages/demo_python_service
[0.628s] byte-compiling /home/cofallen/Code/ros2/cp4_service/cp4_ws/install/demo_python_service/lib/python3.10/site-packages/demo_python_service/face_detect_client_node.py to face_detect_client_node.cpython-310.pyc
[0.628s] running install_data
[0.629s] running install_egg_info
[0.630s] removing '/home/cofallen/Code/ros2/cp4_service/cp4_ws/install/demo_python_service/lib/python3.10/site-packages/demo_python_service-0.0.0-py3.10.egg-info' (and everything under it)
[0.630s] Copying ../../build/demo_python_service/demo_python_service.egg-info to /home/cofallen/Code/ros2/cp4_service/cp4_ws/install/demo_python_service/lib/python3.10/site-packages/demo_python_service-0.0.0-py3.10.egg-info
[0.631s] running install_scripts
[0.647s] Installing face_detect_client_node script to /home/cofallen/Code/ros2/cp4_service/cp4_ws/install/demo_python_service/lib/demo_python_service
[0.647s] Installing face_detect_node script to /home/cofallen/Code/ros2/cp4_service/cp4_ws/install/demo_python_service/lib/demo_python_service
[0.647s] Installing learn_face_detect script to /home/cofallen/Code/ros2/cp4_service/cp4_ws/install/demo_python_service/lib/demo_python_service
[0.647s] writing list of installed files to '/home/cofallen/Code/ros2/cp4_service/cp4_ws/build/demo_python_service/install.log'
[0.670s] Invoked command in '/home/cofallen/Code/ros2/cp4_service/cp4_ws/src/demo_python_service' returned '0': AMENT_PREFIX_PATH=/home/cofallen/Code/ros2/cp4_service/cp4_ws/install/chap4_interface:${AMENT_PREFIX_PATH} CMAKE_PREFIX_PATH=/home/cofallen/Code/ros2/cp4_service/cp4_ws/install/chap4_interface LD_LIBRARY_PATH=/home/cofallen/Code/ros2/cp4_service/cp4_ws/install/chap4_interface/lib:${LD_LIBRARY_PATH} PYTHONPATH=/home/cofallen/Code/ros2/cp4_service/cp4_ws/build/demo_python_service/prefix_override:/home/cofallen/.local/lib/python3.10/site-packages/colcon_core/task/python/colcon_distutils_commands:/home/cofallen/Code/ros2/cp4_service/cp4_ws/install/demo_python_service/lib/python3.10/site-packages:/home/cofallen/Code/ros2/cp4_service/cp4_ws/install/chap4_interface/local/lib/python3.10/dist-packages:${PYTHONPATH} /usr/bin/python3 -W ignore:setup.py install is deprecated -W ignore:easy_install command is deprecated setup.py egg_info --egg-base ../../build/demo_python_service build --build-base /home/cofallen/Code/ros2/cp4_service/cp4_ws/build/demo_python_service/build install --record /home/cofallen/Code/ros2/cp4_service/cp4_ws/build/demo_python_service/install.log --single-version-externally-managed install_data
